== 16KB (15360 bytes) ==
{
  "label": "16KB",
  "payload_bytes": 15360,
  "transactions_requested": 20,
  "wall_s": 2.790473461151123,
  "returncode": 0,
  "evidence_dir": "/home/cristianr/Projects/linux-mobile/gud/backport-4.9/env/local/evidence/raw-payload-repeat-20260826-155811",
  "label_kind": "MEASURED",
  "sample_count": 41,
  "elapsed_us_mean": 505.7073170731707,
  "elapsed_us_p50": 485,
  "elapsed_us_p90": 570,
  "elapsed_us_p95": 698,
  "elapsed_us_p99": 754,
  "elapsed_us_max": 754,
  "elapsed_us_min": 448,
  "throughput_mib_s_mean": 28.966236013311466,
  "throughput_mib_s_p50": 30.20296391752577,
  "throughput_mib_s_p95_case": 20.986300143266472,
  "stdout_result_lines": 20
}
== 32KB (30720 bytes) ==
{
  "label": "32KB",
  "payload_bytes": 30720,
  "transactions_requested": 20,
  "wall_s": 2.7334141731262207,
  "returncode": 0,
  "evidence_dir": "/home/cristianr/Projects/linux-mobile/gud/backport-4.9/env/local/evidence/raw-payload-repeat-20260826-155814",
  "label_kind": "MEASURED",
  "sample_count": 20,
  "elapsed_us_mean": 891.15,
  "elapsed_us_p50": 873,
  "elapsed_us_p90": 921,
  "elapsed_us_p95": 1009,
  "elapsed_us_p99": 1087,
  "elapsed_us_max": 1087,
  "elapsed_us_min": 845,
  "throughput_mib_s_mean": 32.8753576838916,
  "throughput_mib_s_p50": 33.55884879725086,
  "throughput_mib_s_p95_case": 29.035555004955405,
  "stdout_result_lines": 20
}
== 64KB (66560 bytes) ==
{
  "label": "64KB",
  "payload_bytes": 66560,
  "transactions_requested": 20,
  "wall_s": 2.828842878341675,
  "returncode": 0,
  "evidence_dir": "/home/cristianr/Projects/linux-mobile/gud/backport-4.9/env/local/evidence/raw-payload-repeat-20260826-155817",
  "label_kind": "MEASURED",
  "sample_count": 20,
  "elapsed_us_mean": 1857.5,
  "elapsed_us_p50": 1808,
  "elapsed_us_p90": 1989,
  "elapsed_us_p95": 1996,
  "elapsed_us_p99": 1997,
  "elapsed_us_max": 1997,
  "elapsed_us_min": 1759,
  "throughput_mib_s_mean": 34.17311574697174,
  "throughput_mib_s_p50": 35.10871819690266,
  "throughput_mib_s_p95_case": 31.801885020040082,
  "stdout_result_lines": 20
}
== 128KB (133120 bytes) ==
{
  "label": "128KB",
  "payload_bytes": 133120,
  "transactions_requested": 20,
  "wall_s": 2.8146533966064453,
  "returncode": 0,
  "evidence_dir": "/home/cristianr/Projects/linux-mobile/gud/backport-4.9/env/local/evidence/raw-payload-repeat-20260826-155820",
  "label_kind": "MEASURED",
  "sample_count": 20,
  "elapsed_us_mean": 3542.7,
  "elapsed_us_p50": 3505,
  "elapsed_us_p90": 3674,
  "elapsed_us_p95": 3732,
  "elapsed_us_p99": 3740,
  "elapsed_us_max": 3740,
  "elapsed_us_min": 3363,
  "throughput_mib_s_mean": 35.83513280831005,
  "throughput_mib_s_p50": 36.22057774607703,
  "throughput_mib_s_p95_case": 34.017450428724544,
  "stdout_result_lines": 20
}
== 256KB (261120 bytes) ==
{
  "label": "256KB",
  "payload_bytes": 261120,
  "transactions_requested": 20,
  "wall_s": 2.8703646659851074,
  "returncode": 0,
  "evidence_dir": "/home/cristianr/Projects/linux-mobile/gud/backport-4.9/env/local/evidence/raw-payload-repeat-20260826-155823",
  "label_kind": "MEASURED",
  "sample_count": 20,
  "elapsed_us_mean": 6597.35,
  "elapsed_us_p50": 6657,
  "elapsed_us_p90": 6741,
  "elapsed_us_p95": 6743,
  "elapsed_us_p99": 6775,
  "elapsed_us_max": 6775,
  "elapsed_us_min": 6381,
  "throughput_mib_s_mean": 37.74597944629283,
  "throughput_mib_s_p50": 37.40775687246508,
  "throughput_mib_s_p95_case": 36.930659572890406,
  "stdout_result_lines": 20
}
== 512KB (522240 bytes) ==
{
  "label": "512KB",
  "payload_bytes": 522240,
  "transactions_requested": 20,
  "wall_s": 3.0787887573242188,
  "returncode": 0,
  "evidence_dir": "/home/cristianr/Projects/linux-mobile/gud/backport-4.9/env/local/evidence/raw-payload-repeat-20260826-155825",
  "label_kind": "MEASURED",
  "sample_count": 20,
  "elapsed_us_mean": 13179.35,
  "elapsed_us_p50": 13208,
  "elapsed_us_p90": 13423,
  "elapsed_us_p95": 13550,
  "elapsed_us_p99": 13678,
  "elapsed_us_max": 13678,
  "elapsed_us_min": 12756,
  "throughput_mib_s_mean": 37.789942220215714,
  "throughput_mib_s_p50": 37.70797054815264,
  "throughput_mib_s_p95_case": 36.756226937269375,
  "stdout_result_lines": 20
}
== 1MB (1049600 bytes) ==
{
  "label": "1MB",
  "payload_bytes": 1049600,
  "transactions_requested": 20,
  "wall_s": 3.5254504680633545,
  "returncode": 0,
  "evidence_dir": "/home/cristianr/Projects/linux-mobile/gud/backport-4.9/env/local/evidence/raw-payload-repeat-20260826-155828",
  "label_kind": "MEASURED",
  "sample_count": 20,
  "elapsed_us_mean": 26525.1,
  "elapsed_us_p50": 26373,
  "elapsed_us_p90": 26616,
  "elapsed_us_p95": 28615,
  "elapsed_us_p99": 29211,
  "elapsed_us_max": 29211,
  "elapsed_us_min": 25796,
  "throughput_mib_s_mean": 37.73695716510023,
  "throughput_mib_s_p50": 37.954596083115305,
  "throughput_mib_s_p95_case": 34.98083391577843,
  "stdout_result_lines": 20
}
== 2MB (2099200 bytes) ==
{
  "label": "2MB",
  "payload_bytes": 2099200,
  "transactions_requested": 20,
  "wall_s": 4.0234386920928955,
  "returncode": 0,
  "evidence_dir": "/home/cristianr/Projects/linux-mobile/gud/backport-4.9/env/local/evidence/raw-payload-repeat-20260826-155832",
  "label_kind": "MEASURED",
  "sample_count": 20,
  "elapsed_us_mean": 53322.45,
  "elapsed_us_p50": 52547,
  "elapsed_us_p90": 55986,
  "elapsed_us_p95": 56232,
  "elapsed_us_p99": 56973,
  "elapsed_us_max": 56973,
  "elapsed_us_min": 51597,
  "throughput_mib_s_mean": 37.54428247389233,
  "throughput_mib_s_p50": 38.0983333967686,
  "throughput_mib_s_p95_case": 35.60167031227771,
  "stdout_result_lines": 20
}
== frame-rgb565-equiv-720x1280x2 (1843200 bytes) ==
{
  "label": "frame-rgb565-equiv-720x1280x2",
  "payload_bytes": 1843200,
  "transactions_requested": 20,
  "wall_s": 3.8891451358795166,
  "returncode": 0,
  "evidence_dir": "/home/cristianr/Projects/linux-mobile/gud/backport-4.9/env/local/evidence/raw-payload-repeat-20260826-155836",
  "label_kind": "MEASURED",
  "sample_count": 20,
  "elapsed_us_mean": 47072.25,
  "elapsed_us_p50": 46119,
  "elapsed_us_p90": 49218,
  "elapsed_us_p95": 49408,
  "elapsed_us_p99": 49583,
  "elapsed_us_max": 49583,
  "elapsed_us_min": 45396,
  "throughput_mib_s_mean": 37.34286123990249,
  "throughput_mib_s_p50": 38.11471410915241,
  "throughput_mib_s_p95_case": 35.57748745142487,
  "stdout_result_lines": 20
}
== frame-xrgb8888-full-1280x720x4 (3686400 bytes) ==
{
  "label": "frame-xrgb8888-full-1280x720x4",
  "payload_bytes": 3686400,
  "transactions_requested": 20,
  "wall_s": 4.886543035507202,
  "returncode": 0,
  "evidence_dir": "/home/cristianr/Projects/linux-mobile/gud/backport-4.9/env/local/evidence/raw-payload-repeat-20260826-155840",
  "label_kind": "MEASURED",
  "sample_count": 20,
  "elapsed_us_mean": 92358.9,
  "elapsed_us_p50": 91961,
  "elapsed_us_p90": 94823,
  "elapsed_us_p95": 94846,
  "elapsed_us_p99": 95301,
  "elapsed_us_max": 95301,
  "elapsed_us_min": 91142,
  "throughput_mib_s_mean": 38.06482104052777,
  "throughput_mib_s_p50": 38.22952121007818,
  "throughput_mib_s_p95_case": 37.066665963772856,
  "stdout_result_lines": 20
}
